Chaînes remplacées: 249 (déplacées: 133, réutilisation anciens emplacements: 115)
Erreurs (1):
 - Ligne 131: texte trop long (8>7) sans pointeur et pas assez d'espace libre après 0x1f2cafd
